(node:20932) Warning: Setting the NODE_TLS_REJECT_UNAUTHORIZED environment variable to '0' makes TLS connections and HTTPS requests insecure by disabling certificate verification.
(Use `node --trace-warnings ...` to show where the warning was created)
Password: staff123
Salt: $2a$10$VZTuXKBi57U3RoecspBTku
Stored Hash: $2a$10$W5nsZtjHiPWPCKa.WEp.tup8auA9FKDU7gPkAlnb2ToVdCFsJJHRK
Test Hash (salt+password): $2a$10$Gg4SMLzto1FEAWYq/R7fF.bGGZSj4.P0TAovwoEeGuc72wP9BjKjG
Is Match: true

✅ LOGIN WILL WORK!
